// Jest Snapshot v1, https://goo.gl/fbAQLP

exports[`Pruebas en el EntryList Debe de llamar el getEntriesByTem sin t√©rminos y mostrar 2 entradas 1`] = `
<div class="entry-list-container">
  <div class="px-2 pt-2"><input class="form-control" type="text" placeholder="Buscar entrada"></div>
  <div class="mt-2 d-grid gap-2"><button type="button" class="btn btn-primary mx-3"><i class="fa fa-plus-circle"></i> Nueva entrada </button></div>
  <div class="entry-scrollarea">
    <entry-stub entry="[object Object]"></entry-stub>
    <entry-stub entry="[object Object]"></entry-stub>
  </div>
</div>
`;
