// Jest Snapshot v1, https://goo.gl/fbAQLP

exports[`Pruebas en el Navbar component Debe de mostrar el componente correctamente 1`] = `
<nav class="navbar bg-primary"><a class="navbar-brand text-white" href="#"><img class="d-inline-block align-text-top mx-2" src="" alt="Vue Logo" height="24"> Jes√∫s</a>
  <div class="d-flex"><button type="button" class="btn btn-outline-info mx-2"><i class="fa fa-sign-out-alt"></i></button></div>
</nav>
`;
